../Core/Src/main.c:83:5:main	16	static
../Core/Src/main.c:143:6:SystemClock_Config	96	static
../Core/Src/main.c:188:13:MX_LPUART1_UART_Init	8	static
../Core/Src/main.c:236:13:MX_SPI1_Init	8	static
../Core/Src/main.c:276:13:MX_TIM2_Init	56	static
../Core/Src/main.c:334:13:MX_TIM3_Init	64	static
../Core/Src/main.c:393:13:MX_TIM4_Init	64	static
../Core/Src/main.c:452:13:MX_GPIO_Init	64	static
../Core/Src/main.c:703:1:__io_putchar	16	static
../Core/Src/main.c:715:6:Error_Handler	4	static,ignoring_inline_asm
