../Core/Src/main.c:80:6:info_page	32	static
../Core/Src/main.c:116:6:test_begin	24	static
../Core/Src/main.c:139:5:decider	32	static
../Core/Src/main.c:157:6:test_emoji	16	static
../Core/Src/main.c:183:5:main	32	static
../Core/Src/main.c:289:6:SystemClock_Config	96	static
../Core/Src/main.c:340:13:MX_ADC1_Init	32	static
../Core/Src/main.c:416:13:MX_I2C1_Init	8	static
../Core/Src/main.c:464:13:MX_SPI1_Init	8	static
../Core/Src/main.c:504:13:MX_TIM2_Init	48	static
../Core/Src/main.c:553:13:MX_TIM4_Init	48	static
../Core/Src/main.c:600:13:MX_DMA_Init	16	static
../Core/Src/main.c:622:13:MX_GPIO_Init	56	static
../Core/Src/main.c:664:6:Error_Handler	4	static,ignoring_inline_asm
