Archive member included to satisfy reference by file (symbol)

d:/st/stm32cubeide_1.10.1/stm32cubeide/plugins/com.st.stm32cube.ide.mcu.externaltools.gnu-tools-for-stm32.10.3-2021.10.win32_1.0.0.202111181127/tools/bin/../lib/gcc/arm-none-eabi/10.3.1/../../../../arm-none-eabi/lib/thumb/v7e-m+fp/hard\libc_nano.a(lib_a-errno.o)
                              ./Core/Src/syscalls.o (__errno)
d:/st/stm32cubeide_1.10.1/stm32cubeide/plugins/com.st.stm32cube.ide.mcu.externaltools.gnu-tools-for-stm32.10.3-2021.10.win32_1.0.0.202111181127/tools/bin/../lib/gcc/arm-none-eabi/10.3.1/../../../../arm-none-eabi/lib/thumb/v7e-m+fp/hard\libc_nano.a(lib_a-exit.o)
                              d:/st/stm32cubeide_1.10.1/stm32cubeide/plugins/com.st.stm32cube.ide.mcu.externaltools.gnu-tools-for-stm32.10.3-2021.10.win32_1.0.0.202111181127/tools/bin/../lib/gcc/arm-none-eabi/10.3.1/../../../../arm-none-eabi/lib/thumb/v7e-m+fp/hard/crt0.o (exit)
d:/st/stm32cubeide_1.10.1/stm32cubeide/plugins/com.st.stm32cube.ide.mcu.externaltools.gnu-tools-for-stm32.10.3-2021.10.win32_1.0.0.202111181127/tools/bin/../lib/gcc/arm-none-eabi/10.3.1/../../../../arm-none-eabi/lib/thumb/v7e-m+fp/hard\libc_nano.a(lib_a-impure.o)
                              d:/st/stm32cubeide_1.10.1/stm32cubeide/plugins/com.st.stm32cube.ide.mcu.externaltools.gnu-tools-for-stm32.10.3-2021.10.win32_1.0.0.202111181127/tools/bin/../lib/gcc/arm-none-eabi/10.3.1/../../../../arm-none-eabi/lib/thumb/v7e-m+fp/hard\libc_nano.a(lib_a-exit.o) (_global_impure_ptr)
d:/st/stm32cubeide_1.10.1/stm32cubeide/plugins/com.st.stm32cube.ide.mcu.externaltools.gnu-tools-for-stm32.10.3-2021.10.win32_1.0.0.202111181127/tools/bin/../lib/gcc/arm-none-eabi/10.3.1/../../../../arm-none-eabi/lib/thumb/v7e-m+fp/hard\libc_nano.a(lib_a-init.o)
                              d:/st/stm32cubeide_1.10.1/stm32cubeide/plugins/com.st.stm32cube.ide.mcu.externaltools.gnu-tools-for-stm32.10.3-2021.10.win32_1.0.0.202111181127/tools/bin/../lib/gcc/arm-none-eabi/10.3.1/../../../../arm-none-eabi/lib/thumb/v7e-m+fp/hard/crt0.o (__libc_init_array)
d:/st/stm32cubeide_1.10.1/stm32cubeide/plugins/com.st.stm32cube.ide.mcu.externaltools.gnu-tools-for-stm32.10.3-2021.10.win32_1.0.0.202111181127/tools/bin/../lib/gcc/arm-none-eabi/10.3.1/../../../../arm-none-eabi/lib/thumb/v7e-m+fp/hard\libc_nano.a(lib_a-memset.o)
                              d:/st/stm32cubeide_1.10.1/stm32cubeide/plugins/com.st.stm32cube.ide.mcu.externaltools.gnu-tools-for-stm32.10.3-2021.10.win32_1.0.0.202111181127/tools/bin/../lib/gcc/arm-none-eabi/10.3.1/../../../../arm-none-eabi/lib/thumb/v7e-m+fp/hard/crt0.o (memset)

Discarded input sections

 .text          0x0000000000000000        0x0 d:/st/stm32cubeide_1.10.1/stm32cubeide/plugins/com.st.stm32cube.ide.mcu.externaltools.gnu-tools-for-stm32.10.3-2021.10.win32_1.0.0.202111181127/tools/bin/../lib/gcc/arm-none-eabi/10.3.1/thumb/v7e-m+fp/hard/crti.o
 .data          0x0000000000000000        0x0 d:/st/stm32cubeide_1.10.1/stm32cubeide/plugins/com.st.stm32cube.ide.mcu.externaltools.gnu-tools-for-stm32.10.3-2021.10.win32_1.0.0.202111181127/tools/bin/../lib/gcc/arm-none-eabi/10.3.1/thumb/v7e-m+fp/hard/crti.o
 .bss           0x0000000000000000        0x0 d:/st/stm32cubeide_1.10.1/stm32cubeide/plugins/com.st.stm32cube.ide.mcu.externaltools.gnu-tools-for-stm32.10.3-2021.10.win32_1.0.0.202111181127/tools/bin/../lib/gcc/arm-none-eabi/10.3.1/thumb/v7e-m+fp/hard/crti.o
 .data          0x0000000000000000        0x4 d:/st/stm32cubeide_1.10.1/stm32cubeide/plugins/com.st.stm32cube.ide.mcu.externaltools.gnu-tools-for-stm32.10.3-2021.10.win32_1.0.0.202111181127/tools/bin/../lib/gcc/arm-none-eabi/10.3.1/thumb/v7e-m+fp/hard/crtbegin.o
 .rodata        0x0000000000000000       0x24 d:/st/stm32cubeide_1.10.1/stm32cubeide/plugins/com.st.stm32cube.ide.mcu.externaltools.gnu-tools-for-stm32.10.3-2021.10.win32_1.0.0.202111181127/tools/bin/../lib/gcc/arm-none-eabi/10.3.1/thumb/v7e-m+fp/hard/crtbegin.o
 .text          0x0000000000000000       0x7c d:/st/stm32cubeide_1.10.1/stm32cubeide/plugins/com.st.stm32cube.ide.mcu.externaltools.gnu-tools-for-stm32.10.3-2021.10.win32_1.0.0.202111181127/tools/bin/../lib/gcc/arm-none-eabi/10.3.1/../../../../arm-none-eabi/lib/thumb/v7e-m+fp/hard/crt0.o
 .data          0x0000000000000000        0x0 d:/st/stm32cubeide_1.10.1/stm32cubeide/plugins/com.st.stm32cube.ide.mcu.externaltools.gnu-tools-for-stm32.10.3-2021.10.win32_1.0.0.202111181127/tools/bin/../lib/gcc/arm-none-eabi/10.3.1/../../../../arm-none-eabi/lib/thumb/v7e-m+fp/hard/crt0.o
 .bss           0x0000000000000000        0x0 d:/st/stm32cubeide_1.10.1/stm32cubeide/plugins/com.st.stm32cube.ide.mcu.externaltools.gnu-tools-for-stm32.10.3-2021.10.win32_1.0.0.202111181127/tools/bin/../lib/gcc/arm-none-eabi/10.3.1/../../../../arm-none-eabi/lib/thumb/v7e-m+fp/hard/crt0.o
[...]
Memory Configuration

Name             Origin             Length             Attributes
RAM              0x0000000020000000 0x00000000000a0000 xrw
RAM2             0x0000000010000000 0x0000000000010000 xrw
RAM3             0x0000000020040000 0x0000000000060000 xrw
FLASH            0x0000000008000000 0x0000000000200000 xr
*default*        0x0000000000000000 0xffffffffffffffff

Linker script and memory map

LOAD d:/st/stm32cubeide_1.10.1/stm32cubeide/plugins/com.st.stm32cube.ide.mcu.externaltools.gnu-tools-for-stm32.10.3-2021.10.win32_1.0.0.202111181127/tools/bin/../lib/gcc/arm-none-eabi/10.3.1/thumb/v7e-m+fp/hard/crti.o
LOAD d:/st/stm32cubeide_1.10.1/stm32cubeide/plugins/com.st.stm32cube.ide.mcu.externaltools.gnu-tools-for-stm32.10.3-2021.10.win32_1.0.0.202111181127/tools/bin/../lib/gcc/arm-none-eabi/10.3.1/thumb/v7e-m+fp/hard/crtbegin.o
LOAD d:/st/stm32cubeide_1.10.1/stm32cubeide/plugins/com.st.stm32cube.ide.mcu.externaltools.gnu-tools-for-stm32.10.3-2021.10.win32_1.0.0.202111181127/tools/bin/../lib/gcc/arm-none-eabi/10.3.1/../../../../arm-none-eabi/lib/thumb/v7e-m+fp/hard/crt0.o
LOAD ./Core/Src/main.o
LOAD ./Core/Src/motor.o
LOAD ./Core/Src/stm32l4xx_hal_msp.o
LOAD ./Core/Src/stm32l4xx_it.o
LOAD ./Core/Src/syscalls.o
LOAD ./Core/Src/sysmem.o
LOAD ./Core/Src/system_stm32l4xx.o
LOAD ./Core/Startup/startup_stm32l4r5zitxp.o
LOAD ./Drivers/STM32L4xx_HAL_Driver/Src/stm32l4xx_hal.o
LOAD ./Drivers/STM32L4xx_HAL_Driver/Src/stm32l4xx_hal_cortex.o
LOAD ./Drivers/STM32L4xx_HAL_Driver/Src/stm32l4xx_hal_dma.o
LOAD ./Drivers/STM32L4xx_HAL_Driver/Src/stm32l4xx_hal_dma_ex.o
LOAD ./Drivers/STM32L4xx_HAL_Driver/Src/stm32l4xx_hal_exti.o
LOAD ./Drivers/STM32L4xx_HAL_Driver/Src/stm32l4xx_hal_flash.o
LOAD ./Drivers/STM32L4xx_HAL_Driver/Src/stm32l4xx_hal_flash_ex.o
LOAD ./Drivers/STM32L4xx_HAL_Driver/Src/stm32l4xx_hal_flash_ramfunc.o
LOAD ./Drivers/STM32L4xx_HAL_Driver/Src/stm32l4xx_hal_gpio.o
LOAD ./Drivers/STM32L4xx_HAL_Driver/Src/stm32l4xx_hal_i2c.o
LOAD ./Drivers/STM32L4xx_HAL_Driver/Src/stm32l4xx_hal_i2c_ex.o
LOAD ./Drivers/STM32L4xx_HAL_Driver/Src/stm32l4xx_hal_pwr.o
LOAD ./Drivers/STM32L4xx_HAL_Driver/Src/stm32l4xx_hal_pwr_ex.o
LOAD ./Drivers/STM32L4xx_HAL_Driver/Src/stm32l4xx_hal_rcc.o
LOAD ./Drivers/STM32L4xx_HAL_Driver/Src/stm32l4xx_hal_rcc_ex.o
LOAD ./Drivers/STM32L4xx_HAL_Driver/Src/stm32l4xx_hal_tim.o
LOAD ./Drivers/STM32L4xx_HAL_Driver/Src/stm32l4xx_hal_tim_ex.o
START GROUP
LOAD d:/st/stm32cubeide_1.10.1/stm32cubeide/plugins/com.st.stm32cube.ide.mcu.externaltools.gnu-tools-for-stm32.10.3-2021.10.win32_1.0.0.202111181127/tools/bin/../lib/gcc/arm-none-eabi/10.3.1/../../../../arm-none-eabi/lib/thumb/v7e-m+fp/hard\libc_nano.a
LOAD d:/st/stm32cubeide_1.10.1/stm32cubeide/plugins/com.st.stm32cube.ide.mcu.externaltools.gnu-tools-for-stm32.10.3-2021.10.win32_1.0.0.202111181127/tools/bin/../lib/gcc/arm-none-eabi/10.3.1/../../../../arm-none-eabi/lib/thumb/v7e-m+fp/hard\libm.a
END GROUP
START GROUP
LOAD d:/st/stm32cubeide_1.10.1/stm32cubeide/plugins/com.st.stm32cube.ide.mcu.externaltools.gnu-tools-for-stm32.10.3-2021.10.win32_1.0.0.202111181127/tools/bin/../lib/gcc/arm-none-eabi/10.3.1/thumb/v7e-m+fp/hard\libgcc.a
LOAD d:/st/stm32cubeide_1.10.1/stm32cubeide/plugins/com.st.stm32cube.ide.mcu.externaltools.gnu-tools-for-stm32.10.3-2021.10.win32_1.0.0.202111181127/tools/bin/../lib/gcc/arm-none-eabi/10.3.1/../../../../arm-none-eabi/lib/thumb/v7e-m+fp/hard\libc_nano.a
END GROUP
START GROUP
LOAD d:/st/stm32cubeide_1.10.1/stm32cubeide/plugins/com.st.stm32cube.ide.mcu.externaltools.gnu-tools-for-stm32.10.3-2021.10.win32_1.0.0.202111181127/tools/bin/../lib/gcc/arm-none-eabi/10.3.1/thumb/v7e-m+fp/hard\libgcc.a
LOAD d:/st/stm32cubeide_1.10.1/stm32cubeide/plugins/com.st.stm32cube.ide.mcu.externaltools.gnu-tools-for-stm32.10.3-2021.10.win32_1.0.0.202111181127/tools/bin/../lib/gcc/arm-none-eabi/10.3.1/../../../../arm-none-eabi/lib/thumb/v7e-m+fp/hard\libc_nano.a
LOAD d:/st/stm32cubeide_1.10.1/stm32cubeide/plugins/com.st.stm32cube.ide.mcu.externaltools.gnu-tools-for-stm32.10.3-2021.10.win32_1.0.0.202111181127/tools/bin/../lib/gcc/arm-none-eabi/10.3.1/../../../../arm-none-eabi/lib/thumb/v7e-m+fp/hard\libnosys.a
END GROUP
START GROUP
LOAD d:/st/stm32cubeide_1.10.1/stm32cubeide/plugins/com.st.stm32cube.ide.mcu.externaltools.gnu-tools-for-stm32.10.3-2021.10.win32_1.0.0.202111181127/tools/bin/../lib/gcc/arm-none-eabi/10.3.1/thumb/v7e-m+fp/hard\libgcc.a
LOAD d:/st/stm32cubeide_1.10.1/stm32cubeide/plugins/com.st.stm32cube.ide.mcu.externaltools.gnu-tools-for-stm32.10.3-2021.10.win32_1.0.0.202111181127/tools/bin/../lib/gcc/arm-none-eabi/10.3.1/../../../../arm-none-eabi/lib/thumb/v7e-m+fp/hard\libc_nano.a
LOAD d:/st/stm32cubeide_1.10.1/stm32cubeide/plugins/com.st.stm32cube.ide.mcu.externaltools.gnu-tools-for-stm32.10.3-2021.10.win32_1.0.0.202111181127/tools/bin/../lib/gcc/arm-none-eabi/10.3.1/../../../../arm-none-eabi/lib/thumb/v7e-m+fp/hard\libnosys.a
END GROUP
LOAD d:/st/stm32cubeide_1.10.1/stm32cubeide/plugins/com.st.stm32cube.ide.mcu.externaltools.gnu-tools-for-stm32.10.3-2021.10.win32_1.0.0.202111181127/tools/bin/../lib/gcc/arm-none-eabi/10.3.1/thumb/v7e-m+fp/hard/crtend.o
LOAD d:/st/stm32cubeide_1.10.1/stm32cubeide/plugins/com.st.stm32cube.ide.mcu.externaltools.gnu-tools-for-stm32.10.3-2021.10.win32_1.0.0.202111181127/tools/bin/../lib/gcc/arm-none-eabi/10.3.1/thumb/v7e-m+fp/hard/crtn.o
                0x00000000200a0000                _estack = (ORIGIN (RAM) + LENGTH (RAM))
                0x0000000000000200                _Min_Heap_Size = 0x200
                0x0000000000000400                _Min_Stack_Size = 0x400

.isr_vector     0x0000000008000000      0x1bc
                0x0000000008000000                . = ALIGN (0x4)
 *(.isr_vector)
 .isr_vector    0x0000000008000000      0x1bc ./Core/Startup/startup_stm32l4r5zitxp.o
                0x0000000008000000                g_pfnVectors
                0x00000000080001bc                . = ALIGN (0x4)

.text           0x00000000080001bc     0x32b0
                0x00000000080001bc                . = ALIGN (0x4)
 *(.text)
 .text          0x00000000080001bc       0x40 d:/st/stm32cubeide_1.10.1/stm32cubeide/plugins/com.st.stm32cube.ide.mcu.externaltools.gnu-tools-for-stm32.10.3-2021.10.win32_1.0.0.202111181127/tools/bin/../lib/gcc/arm-none-eabi/10.3.1/thumb/v7e-m+fp/hard/crtbegin.o
 *(.text*)
 .text.main     0x00000000080001fc       0xec ./Core/Src/main.o
                0x00000000080001fc                main
 .text.SystemClock_Config
                0x00000000080002e8       0x8c ./Core/Src/main.o
                0x00000000080002e8                SystemClock_Config
 .text.MX_TIM3_Init
                0x0000000008000374       0xf0 ./Core/Src/main.o
 .text.MX_TIM4_Init
                0x0000000008000464       0xf0 ./Core/Src/main.o
 .text.MX_GPIO_Init
                0x0000000008000554      0x498 ./Core/Src/main.o
 .text.Error_Handler
                0x00000000080009ec        0xa ./Core/Src/main.o
                0x00000000080009ec                Error_Handler
 *fill*         0x00000000080009f6        0x2 
 .text.move_forward
                0x00000000080009f8       0x3c ./Core/Src/motor.o
                0x00000000080009f8                move_forward
 .text.move_backward
                0x0000000008000a34       0x3c ./Core/Src/motor.o
                0x0000000008000a34                move_backward
 .text.move_left
                0x0000000008000a70       0x3c ./Core/Src/motor.o
                0x0000000008000a70                move_left
 .text.move_right
                0x0000000008000aac       0x3c ./Core/Src/motor.o
                0x0000000008000aac                move_right
 .text.move_stop
                0x0000000008000ae8       0x3c ./Core/Src/motor.o
                0x0000000008000ae8                move_stop
 .text.HAL_MspInit
                0x0000000008000b24       0x48 ./Core/Src/stm32l4xx_hal_msp.o
                0x0000000008000b24                HAL_MspInit
 .text.HAL_TIM_Base_MspInit
                0x0000000008000b6c      0x128 ./Core/Src/stm32l4xx_hal_msp.o
                0x0000000008000b6c                HAL_TIM_Base_MspInit
 .text.HAL_TIM_MspPostInit
                0x0000000008000c94       0xbc ./Core/Src/stm32l4xx_hal_msp.o
                0x0000000008000c94                HAL_TIM_MspPostInit
 .text.NMI_Handler
                0x0000000008000d50        0x6 ./Core/Src/stm32l4xx_it.o
                0x0000000008000d50                NMI_Handler
 .text.HardFault_Handler
                0x0000000008000d56        0x6 ./Core/Src/stm32l4xx_it.o
                0x0000000008000d56                HardFault_Handler
 .text.MemManage_Handler
                0x0000000008000d5c        0x6 ./Core/Src/stm32l4xx_it.o
                0x0000000008000d5c                MemManage_Handler
 .text.BusFault_Handler
                0x0000000008000d62        0x6 ./Core/Src/stm32l4xx_it.o
                0x0000000008000d62                BusFault_Handler
 .text.UsageFault_Handler
                0x0000000008000d68        0x6 ./Core/Src/stm32l4xx_it.o
                0x0000000008000d68                UsageFault_Handler
 .text.SVC_Handler
                0x0000000008000d6e        0xe ./Core/Src/stm32l4xx_it.o
                0x0000000008000d6e                SVC_Handler
 .text.DebugMon_Handler
                0x0000000008000d7c        0xe ./Core/Src/stm32l4xx_it.o
                0x0000000008000d7c                DebugMon_Handler
 .text.PendSV_Handler
                0x0000000008000d8a        0xe ./Core/Src/stm32l4xx_it.o
                0x0000000008000d8a                PendSV_Handler
 .text.SysTick_Handler
                0x0000000008000d98        0xc ./Core/Src/stm32l4xx_it.o
                0x0000000008000d98                SysTick_Handler
 .text.SystemInit
                0x0000000008000da4       0x24 ./Core/Src/system_stm32l4xx.o
                0x0000000008000da4                SystemInit
 .text.Reset_Handler
                0x0000000008000dc8       0x50 ./Core/Startup/startup_stm32l4r5zitxp.o
                0x0000000008000dc8                Reset_Handler
 .text.Default_Handler
                0x0000000008000e18        0x2 ./Core/Startup/startup_stm32l4r5zitxp.o
                0x0000000008000e18                RTC_Alarm_IRQHandler
                0x0000000008000e18                EXTI2_IRQHandler
                0x0000000008000e18                TIM8_TRG_COM_IRQHandler
                0x0000000008000e18                TIM8_CC_IRQHandler
                0x0000000008000e18                TIM1_CC_IRQHandler
                0x0000000008000e18                TSC_IRQHandler
                0x0000000008000e18                TAMP_STAMP_IRQHandler
                0x0000000008000e18                EXTI3_IRQHandler
                0x0000000008000e18                LPTIM2_IRQHandler
                0x0000000008000e18                DFSDM1_FLT1_IRQHandler
                0x0000000008000e18                GFXMMU_IRQHandler
                0x0000000008000e18                I2C3_ER_IRQHandler
                0x0000000008000e18                DFSDM1_FLT2_IRQHandler
                0x0000000008000e18                EXTI0_IRQHandler
                0x0000000008000e18                I2C2_EV_IRQHandler
                0x0000000008000e18                CAN1_RX0_IRQHandler
                0x0000000008000e18                FPU_IRQHandler
                0x0000000008000e18                TIM1_UP_TIM16_IRQHandler
                0x0000000008000e18                LTDC_ER_IRQHandler
                0x0000000008000e18                SPI1_IRQHandler
                0x0000000008000e18                OCTOSPI1_IRQHandler
                0x0000000008000e18                TIM6_DAC_IRQHandler
                0x0000000008000e18                DCMI_IRQHandler
                0x0000000008000e18                TIM8_UP_IRQHandler
                0x0000000008000e18                OCTOSPI2_IRQHandler
                0x0000000008000e18                DMA2_Channel2_IRQHandler
                0x0000000008000e18                DMA1_Channel4_IRQHandler
                0x0000000008000e18                SAI2_IRQHandler
                0x0000000008000e18                ADC1_IRQHandler
                0x0000000008000e18                DFSDM1_FLT3_IRQHandler
                0x0000000008000e18                USART3_IRQHandler
                0x0000000008000e18                DMA1_Channel7_IRQHandler
                0x0000000008000e18                CAN1_RX1_IRQHandler
                0x0000000008000e18                UART5_IRQHandler
                0x0000000008000e18                TIM4_IRQHandler
                0x0000000008000e18                DMA2_Channel1_IRQHandler
                0x0000000008000e18                I2C1_EV_IRQHandler
                0x0000000008000e18                DMAMUX1_OVR_IRQHandler
                0x0000000008000e18                DMA1_Channel6_IRQHandler
                0x0000000008000e18                UART4_IRQHandler
                0x0000000008000e18                DMA2_Channel4_IRQHandler
                0x0000000008000e18                TIM3_IRQHandler
                0x0000000008000e18                RCC_IRQHandler
                0x0000000008000e18                DMA1_Channel1_IRQHandler
                0x0000000008000e18                Default_Handler
                0x0000000008000e18                DMA2_Channel7_IRQHandler
                0x0000000008000e18                EXTI15_10_IRQHandler
                0x0000000008000e18                TIM7_IRQHandler
                0x0000000008000e18                SDMMC1_IRQHandler
                0x0000000008000e18                TIM5_IRQHandler
                0x0000000008000e18                I2C3_EV_IRQHandler
                0x0000000008000e18                EXTI9_5_IRQHandler
                0x0000000008000e18                RTC_WKUP_IRQHandler
                0x0000000008000e18                LTDC_IRQHandler
                0x0000000008000e18                PVD_PVM_IRQHandler
                0x0000000008000e18                SPI2_IRQHandler
                0x0000000008000e18                CAN1_TX_IRQHandler
                0x0000000008000e18                DMA2_Channel5_IRQHandler
                0x0000000008000e18                CRS_IRQHandler
                0x0000000008000e18                DMA1_Channel5_IRQHandler
                0x0000000008000e18                EXTI4_IRQHandler
                0x0000000008000e18                RNG_IRQHandler
                0x0000000008000e18                TIM1_TRG_COM_TIM17_IRQHandler
                0x0000000008000e18                DMA1_Channel3_IRQHandler
                0x0000000008000e18                COMP_IRQHandler
                0x0000000008000e18                WWDG_IRQHandler
                0x0000000008000e18                I2C4_EV_IRQHandler
                0x0000000008000e18                LPUART1_IRQHandler
                0x0000000008000e18                DMA2_Channel6_IRQHandler
                0x0000000008000e18                TIM2_IRQHandler
                0x0000000008000e18                DMA2D_IRQHandler
                0x0000000008000e18                EXTI1_IRQHandler
                0x0000000008000e18                USART2_IRQHandler
                0x0000000008000e18                DFSDM1_FLT0_IRQHandler
                0x0000000008000e18                I2C2_ER_IRQHandler
                0x0000000008000e18                DMA1_Channel2_IRQHandler
                0x0000000008000e18                TIM8_BRK_IRQHandler
                0x0000000008000e18                CAN1_SCE_IRQHandler
                0x0000000008000e18                FLASH_IRQHandler
                0x0000000008000e18                USART1_IRQHandler
                0x0000000008000e18                OTG_FS_IRQHandler
                0x0000000008000e18                SPI3_IRQHandler
                0x0000000008000e18                I2C1_ER_IRQHandler
                0x0000000008000e18                FMC_IRQHandler
                0x0000000008000e18                LPTIM1_IRQHandler
                0x0000000008000e18                I2C4_ER_IRQHandler
                0x0000000008000e18                SAI1_IRQHandler
                0x0000000008000e18                DMA2_Channel3_IRQHandler
                0x0000000008000e18                TIM1_BRK_TIM15_IRQHandler
 .text.HAL_Init
                0x0000000008000e1a       0x30 ./Drivers/STM32L4xx_HAL_Driver/Src/stm32l4xx_hal.o
                0x0000000008000e1a                HAL_Init
 *fill*         0x0000000008000e4a        0x2 
 .text.HAL_InitTick
                0x0000000008000e4c       0x78 ./Drivers/STM32L4xx_HAL_Driver/Src/stm32l4xx_hal.o
                0x0000000008000e4c                HAL_InitTick
 .text.HAL_IncTick
                0x0000000008000ec4       0x28 ./Drivers/STM32L4xx_HAL_Driver/Src/stm32l4xx_hal.o
                0x0000000008000ec4                HAL_IncTick
 .text.HAL_GetTick
                0x0000000008000eec       0x18 ./Drivers/STM32L4xx_HAL_Driver/Src/stm32l4xx_hal.o
                0x0000000008000eec                HAL_GetTick
 .text.HAL_Delay
                0x0000000008000f04       0x48 ./Drivers/STM32L4xx_HAL_Driver/Src/stm32l4xx_hal.o
                0x0000000008000f04                HAL_Delay
 .text.__NVIC_SetPriorityGrouping
                0x0000000008000f4c       0x48 ./Drivers/STM32L4xx_HAL_Driver/Src/stm32l4xx_hal_cortex.o
 .text.__NVIC_GetPriorityGrouping
                0x0000000008000f94       0x1c ./Drivers/STM32L4xx_HAL_Driver/Src/stm32l4xx_hal_cortex.o
 .text.__NVIC_SetPriority
                0x0000000008000fb0       0x54 ./Drivers/STM32L4xx_HAL_Driver/Src/stm32l4xx_hal_cortex.o
 .text.NVIC_EncodePriority
                0x0000000008001004       0x66 ./Drivers/STM32L4xx_HAL_Driver/Src/stm32l4xx_hal_cortex.o
 *fill*         0x000000000800106a        0x2 
 .text.SysTick_Config
                0x000000000800106c       0x44 ./Drivers/STM32L4xx_HAL_Driver/Src/stm32l4xx_hal_cortex.o
 .text.HAL_NVIC_SetPriorityGrouping
                0x00000000080010b0       0x16 ./Drivers/STM32L4xx_HAL_Driver/Src/stm32l4xx_hal_cortex.o
                0x00000000080010b0                HAL_NVIC_SetPriorityGrouping
 .text.HAL_NVIC_SetPriority
                0x00000000080010c6       0x38 ./Drivers/STM32L4xx_HAL_Driver/Src/stm32l4xx_hal_cortex.o
                0x00000000080010c6                HAL_NVIC_SetPriority
 .text.HAL_SYSTICK_Config
                0x00000000080010fe       0x18 ./Drivers/STM32L4xx_HAL_Driver/Src/stm32l4xx_hal_cortex.o
                0x00000000080010fe                HAL_SYSTICK_Config
 *fill*         0x0000000008001116        0x2 
 .text.HAL_GPIO_Init
                0x0000000008001118      0x324 ./Drivers/STM32L4xx_HAL_Driver/Src/stm32l4xx_hal_gpio.o
                0x0000000008001118                HAL_GPIO_Init
 .text.HAL_GPIO_WritePin
                0x000000000800143c       0x30 ./Drivers/STM32L4xx_HAL_Driver/Src/stm32l4xx_hal_gpio.o
                0x000000000800143c                HAL_GPIO_WritePin
 .text.HAL_PWREx_GetVoltageRange
                0x000000000800146c       0x40 ./Drivers/STM32L4xx_HAL_Driver/Src/stm32l4xx_hal_pwr_ex.o
                0x000000000800146c                HAL_PWREx_GetVoltageRange
 .text.HAL_PWREx_ControlVoltageScaling
                0x00000000080014ac      0x148 ./Drivers/STM32L4xx_HAL_Driver/Src/stm32l4xx_hal_pwr_ex.o
                0x00000000080014ac                HAL_PWREx_ControlVoltageScaling
 .text.HAL_PWREx_EnableVddIO2
                0x00000000080015f4       0x20 ./Drivers/STM32L4xx_HAL_Driver/Src/stm32l4xx_hal_pwr_ex.o
                0x00000000080015f4                HAL_PWREx_EnableVddIO2
 .text.HAL_RCC_OscConfig
                0x0000000008001614      0x834 ./Drivers/STM32L4xx_HAL_Driver/Src/stm32l4xx_hal_rcc.o
                0x0000000008001614                HAL_RCC_OscConfig
 .text.HAL_RCC_ClockConfig
                0x0000000008001e48      0x274 ./Drivers/STM32L4xx_HAL_Driver/Src/stm32l4xx_hal_rcc.o
                0x0000000008001e48                HAL_RCC_ClockConfig
 .text.HAL_RCC_GetSysClockFreq
                0x00000000080020bc      0x118 ./Drivers/STM32L4xx_HAL_Driver/Src/stm32l4xx_hal_rcc.o
                0x00000000080020bc                HAL_RCC_GetSysClockFreq
 .text.RCC_SetFlashLatencyFromMSIRange
                0x00000000080021d4       0xb4 ./Drivers/STM32L4xx_HAL_Driver/Src/stm32l4xx_hal_rcc.o
 .text.RCC_GetSysClockFreqFromPLLSource
                0x0000000008002288       0xcc ./Drivers/STM32L4xx_HAL_Driver/Src/stm32l4xx_hal_rcc.o
 .text.HAL_TIM_Base_Init
                0x0000000008002354       0xae ./Drivers/STM32L4xx_HAL_Driver/Src/stm32l4xx_hal_tim.o
                0x0000000008002354                HAL_TIM_Base_Init
 .text.HAL_TIM_PWM_Init
                0x0000000008002402       0xae ./Drivers/STM32L4xx_HAL_Driver/Src/stm32l4xx_hal_tim.o
                0x0000000008002402                HAL_TIM_PWM_Init
 .text.HAL_TIM_PWM_MspInit
                0x00000000080024b0       0x14 ./Drivers/STM32L4xx_HAL_Driver/Src/stm32l4xx_hal_tim.o
                0x00000000080024b0                HAL_TIM_PWM_MspInit
 .text.HAL_TIM_PWM_Start
                0x00000000080024c4      0x20c ./Drivers/STM32L4xx_HAL_Driver/Src/stm32l4xx_hal_tim.o
                0x00000000080024c4                HAL_TIM_PWM_Start
 .text.HAL_TIM_PWM_ConfigChannel
                0x00000000080026d0      0x228 ./Drivers/STM32L4xx_HAL_Driver/Src/stm32l4xx_hal_tim.o
                0x00000000080026d0                HAL_TIM_PWM_ConfigChannel
 .text.HAL_TIM_ConfigClockSource
                0x00000000080028f8      0x192 ./Drivers/STM32L4xx_HAL_Driver/Src/stm32l4xx_hal_tim.o
                0x00000000080028f8                HAL_TIM_ConfigClockSource
 *fill*         0x0000000008002a8a        0x2 
 .text.TIM_Base_SetConfig
                0x0000000008002a8c      0x134 ./Drivers/STM32L4xx_HAL_Driver/Src/stm32l4xx_hal_tim.o
                0x0000000008002a8c                TIM_Base_SetConfig
 .text.TIM_OC1_SetConfig
                0x0000000008002bc0      0x120 ./Drivers/STM32L4xx_HAL_Driver/Src/stm32l4xx_hal_tim.o
 .text.TIM_OC2_SetConfig
                0x0000000008002ce0      0x114 ./Drivers/STM32L4xx_HAL_Driver/Src/stm32l4xx_hal_tim.o
                0x0000000008002ce0                TIM_OC2_SetConfig
 .text.TIM_OC3_SetConfig
                0x0000000008002df4      0x110 ./Drivers/STM32L4xx_HAL_Driver/Src/stm32l4xx_hal_tim.o
 .text.TIM_OC4_SetConfig
                0x0000000008002f04       0xd4 ./Drivers/STM32L4xx_HAL_Driver/Src/stm32l4xx_hal_tim.o
 .text.TIM_OC5_SetConfig
                0x0000000008002fd8       0xc8 ./Drivers/STM32L4xx_HAL_Driver/Src/stm32l4xx_hal_tim.o
 .text.TIM_OC6_SetConfig
                0x00000000080030a0       0xcc ./Drivers/STM32L4xx_HAL_Driver/Src/stm32l4xx_hal_tim.o
 .text.TIM_TI1_ConfigInputStage
                0x000000000800316c       0x5e ./Drivers/STM32L4xx_HAL_Driver/Src/stm32l4xx_hal_tim.o
 .text.TIM_TI2_ConfigInputStage
                0x00000000080031ca       0x60 ./Drivers/STM32L4xx_HAL_Driver/Src/stm32l4xx_hal_tim.o
 .text.TIM_ITRx_SetConfig
                0x000000000800322a       0x36 ./Drivers/STM32L4xx_HAL_Driver/Src/stm32l4xx_hal_tim.o
 .text.TIM_ETR_SetConfig
                0x0000000008003260       0x40 ./Drivers/STM32L4xx_HAL_Driver/Src/stm32l4xx_hal_tim.o
                0x0000000008003260                TIM_ETR_SetConfig
 .text.TIM_CCxChannelCmd
                0x00000000080032a0       0x4a ./Drivers/STM32L4xx_HAL_Driver/Src/stm32l4xx_hal_tim.o
                0x00000000080032a0                TIM_CCxChannelCmd
 *fill*         0x00000000080032ea        0x2 
 .text.HAL_TIMEx_MasterConfigSynchronization
                0x00000000080032ec      0x110 ./Drivers/STM32L4xx_HAL_Driver/Src/stm32l4xx_hal_tim_ex.o
                0x00000000080032ec                HAL_TIMEx_MasterConfigSynchronization
 .text.__libc_init_array
                0x00000000080033fc       0x48 d:/st/stm32cubeide_1.10.1/stm32cubeide/plugins/com.st.stm32cube.ide.mcu.externaltools.gnu-tools-for-stm32.10.3-2021.10.win32_1.0.0.202111181127/tools/bin/../lib/gcc/arm-none-eabi/10.3.1/../../../../arm-none-eabi/lib/thumb/v7e-m+fp/hard\libc_nano.a(lib_a-init.o)
                0x00000000080033fc                __libc_init_array
 .text.memset   0x0000000008003444       0x10 d:/st/stm32cubeide_1.10.1/stm32cubeide/plugins/com.st.stm32cube.ide.mcu.externaltools.gnu-tools-for-stm32.10.3-2021.10.win32_1.0.0.202111181127/tools/bin/../lib/gcc/arm-none-eabi/10.3.1/../../../../arm-none-eabi/lib/thumb/v7e-m+fp/hard\libc_nano.a(lib_a-memset.o)
                0x0000000008003444                memset
 *(.glue_7)
 .glue_7        0x0000000008003454        0x0 linker stubs
 *(.glue_7t)
 .glue_7t       0x0000000008003454        0x0 linker stubs
 *(.eh_frame)
 .eh_frame      0x0000000008003454        0x0 d:/st/stm32cubeide_1.10.1/stm32cubeide/plugins/com.st.stm32cube.ide.mcu.externaltools.gnu-tools-for-stm32.10.3-2021.10.win32_1.0.0.202111181127/tools/bin/../lib/gcc/arm-none-eabi/10.3.1/thumb/v7e-m+fp/hard/crtbegin.o
 *(.init)
 .init          0x0000000008003454        0x4 d:/st/stm32cubeide_1.10.1/stm32cubeide/plugins/com.st.stm32cube.ide.mcu.externaltools.gnu-tools-for-stm32.10.3-2021.10.win32_1.0.0.202111181127/tools/bin/../lib/gcc/arm-none-eabi/10.3.1/thumb/v7e-m+fp/hard/crti.o
                0x0000000008003454                _init
 .init          0x0000000008003458        0x8 d:/st/stm32cubeide_1.10.1/stm32cubeide/plugins/com.st.stm32cube.ide.mcu.externaltools.gnu-tools-for-stm32.10.3-2021.10.win32_1.0.0.202111181127/tools/bin/../lib/gcc/arm-none-eabi/10.3.1/thumb/v7e-m+fp/hard/crtn.o
 *(.fini)
 .fini          0x0000000008003460        0x4 d:/st/stm32cubeide_1.10.1/stm32cubeide/plugins/com.st.stm32cube.ide.mcu.externaltools.gnu-tools-for-stm32.10.3-2021.10.win32_1.0.0.202111181127/tools/bin/../lib/gcc/arm-none-eabi/10.3.1/thumb/v7e-m+fp/hard/crti.o
                0x0000000008003460                _fini
 .fini          0x0000000008003464        0x8 d:/st/stm32cubeide_1.10.1/stm32cubeide/plugins/com.st.stm32cube.ide.mcu.externaltools.gnu-tools-for-stm32.10.3-2021.10.win32_1.0.0.202111181127/tools/bin/../lib/gcc/arm-none-eabi/10.3.1/thumb/v7e-m+fp/hard/crtn.o
                0x000000000800346c                . = ALIGN (0x4)
                0x000000000800346c                _etext = .

.vfp11_veneer   0x000000000800346c        0x0
 .vfp11_veneer  0x000000000800346c        0x0 linker stubs

.v4_bx          0x000000000800346c        0x0
 .v4_bx         0x000000000800346c        0x0 linker stubs

.iplt           0x000000000800346c        0x0
 .iplt          0x000000000800346c        0x0 d:/st/stm32cubeide_1.10.1/stm32cubeide/plugins/com.st.stm32cube.ide.mcu.externaltools.gnu-tools-for-stm32.10.3-2021.10.win32_1.0.0.202111181127/tools/bin/../lib/gcc/arm-none-eabi/10.3.1/thumb/v7e-m+fp/hard/crtbegin.o

.rodata         0x000000000800346c       0x40
                0x000000000800346c                . = ALIGN (0x4)
 *(.rodata)
 *(.rodata*)
 .rodata.AHBPrescTable
                0x000000000800346c       0x10 ./Core/Src/system_stm32l4xx.o
                0x000000000800346c                AHBPrescTable
 .rodata.MSIRangeTable
                0x000000000800347c       0x30 ./Core/Src/system_stm32l4xx.o
                0x000000000800347c                MSIRangeTable
                0x00000000080034ac                . = ALIGN (0x4)

.rel.dyn        0x00000000080034ac        0x0
 .rel.iplt      0x00000000080034ac        0x0 d:/st/stm32cubeide_1.10.1/stm32cubeide/plugins/com.st.stm32cube.ide.mcu.externaltools.gnu-tools-for-stm32.10.3-2021.10.win32_1.0.0.202111181127/tools/bin/../lib/gcc/arm-none-eabi/10.3.1/thumb/v7e-m+fp/hard/crtbegin.o

.ARM.extab      0x00000000080034ac        0x0
                0x00000000080034ac                . = ALIGN (0x4)
 *(.ARM.extab* .gnu.linkonce.armextab.*)
                0x00000000080034ac                . = ALIGN (0x4)

.ARM            0x00000000080034ac        0x0
                0x00000000080034ac                . = ALIGN (0x4)
                0x00000000080034ac                __exidx_start = .
 *(.ARM.exidx*)
                0x00000000080034ac                __exidx_end = .
                0x00000000080034ac                . = ALIGN (0x4)

.preinit_array  0x00000000080034ac        0x0
                0x00000000080034ac                . = ALIGN (0x4)
                0x00000000080034ac                PROVIDE (__preinit_array_start = .)
 *(.preinit_array*)
                0x00000000080034ac                PROVIDE (__preinit_array_end = .)
                0x00000000080034ac                . = ALIGN (0x4)

.init_array     0x00000000080034ac        0x4
                0x00000000080034ac                . = ALIGN (0x4)
                0x00000000080034ac                PROVIDE (__init_array_start = .)
 *(SORT_BY_NAME(.init_array.*))
 *(.init_array*)
 .init_array    0x00000000080034ac        0x4 d:/st/stm32cubeide_1.10.1/stm32cubeide/plugins/com.st.stm32cube.ide.mcu.externaltools.gnu-tools-for-stm32.10.3-2021.10.win32_1.0.0.202111181127/tools/bin/../lib/gcc/arm-none-eabi/10.3.1/thumb/v7e-m+fp/hard/crtbegin.o
                0x00000000080034b0                PROVIDE (__init_array_end = .)
                0x00000000080034b0                . = ALIGN (0x4)

.fini_array     0x00000000080034b0        0x4
                0x00000000080034b0                . = ALIGN (0x4)
                [!provide]                        PROVIDE (__fini_array_start = .)
 *(SORT_BY_NAME(.fini_array.*))
 *(.fini_array*)
 .fini_array    0x00000000080034b0        0x4 d:/st/stm32cubeide_1.10.1/stm32cubeide/plugins/com.st.stm32cube.ide.mcu.externaltools.gnu-tools-for-stm32.10.3-2021.10.win32_1.0.0.202111181127/tools/bin/../lib/gcc/arm-none-eabi/10.3.1/thumb/v7e-m+fp/hard/crtbegin.o
                [!provide]                        PROVIDE (__fini_array_end = .)
                0x00000000080034b4                . = ALIGN (0x4)
                0x00000000080034b4                _sidata = LOADADDR (.data)

.data           0x0000000020000000        0xc load address 0x00000000080034b4
                0x0000000020000000                . = ALIGN (0x4)
                0x0000000020000000                _sdata = .
 *(.data)
 *(.data*)
 .data.SystemCoreClock
                0x0000000020000000        0x4 ./Core/Src/system_stm32l4xx.o
                0x0000000020000000                SystemCoreClock
 .data.uwTickPrio
                0x0000000020000004        0x4 ./Drivers/STM32L4xx_HAL_Driver/Src/stm32l4xx_hal.o
                0x0000000020000004                uwTickPrio
 .data.uwTickFreq
                0x0000000020000008        0x1 ./Drivers/STM32L4xx_HAL_Driver/Src/stm32l4xx_hal.o
                0x0000000020000008                uwTickFreq
 *(.RamFunc)
 *(.RamFunc*)
                0x000000002000000c                . = ALIGN (0x4)
 *fill*         0x0000000020000009        0x3 
                0x000000002000000c                _edata = .

.igot.plt       0x000000002000000c        0x0 load address 0x00000000080034c0
 .igot.plt      0x000000002000000c        0x0 d:/st/stm32cubeide_1.10.1/stm32cubeide/plugins/com.st.stm32cube.ide.mcu.externaltools.gnu-tools-for-stm32.10.3-2021.10.win32_1.0.0.202111181127/tools/bin/../lib/gcc/arm-none-eabi/10.3.1/thumb/v7e-m+fp/hard/crtbegin.o
                0x000000002000000c                . = ALIGN (0x4)

.bss            0x000000002000000c       0xb8 load address 0x00000000080034c0
                0x000000002000000c                _sbss = .
                0x000000002000000c                __bss_start__ = _sbss
 *(.bss)
 .bss           0x000000002000000c       0x1c d:/st/stm32cubeide_1.10.1/stm32cubeide/plugins/com.st.stm32cube.ide.mcu.externaltools.gnu-tools-for-stm32.10.3-2021.10.win32_1.0.0.202111181127/tools/bin/../lib/gcc/arm-none-eabi/10.3.1/thumb/v7e-m+fp/hard/crtbegin.o
 *(.bss*)
 .bss.htim3     0x0000000020000028       0x4c ./Core/Src/main.o
                0x0000000020000028                htim3
 .bss.htim4     0x0000000020000074       0x4c ./Core/Src/main.o
                0x0000000020000074                htim4
 .bss.uwTick    0x00000000200000c0        0x4 ./Drivers/STM32L4xx_HAL_Driver/Src/stm32l4xx_hal.o
                0x00000000200000c0                uwTick
 *(COMMON)
                0x00000000200000c4                . = ALIGN (0x4)
                0x00000000200000c4                _ebss = .
                0x00000000200000c4                __bss_end__ = _ebss

._user_heap_stack
                0x00000000200000c4      0x604 load address 0x00000000080034c0
                0x00000000200000c8                . = ALIGN (0x8)
 *fill*         0x00000000200000c4        0x4 
                [!provide]                        PROVIDE (end = .)
                0x00000000200000c8                PROVIDE (_end = .)
                0x00000000200002c8                . = (. + _Min_Heap_Size)
 *fill*         0x00000000200000c8      0x200 
                0x00000000200006c8                . = (. + _Min_Stack_Size)
 *fill*         0x00000000200002c8      0x400 
                0x00000000200006c8                . = ALIGN (0x8)

/DISCARD/
 libc.a(*)
 libm.a(*)
 libgcc.a(*)

.ARM.attributes
                0x0000000000000000       0x30
 *(.ARM.attributes)
 .ARM.attributes
                0x0000000000000000       0x1e d:/st/stm32cubeide_1.10.1/stm32cubeide/plugins/com.st.stm32cube.ide.mcu.externaltools.gnu-tools-for-stm32.10.3-2021.10.win32_1.0.0.202111181127/tools/bin/../lib/gcc/arm-none-eabi/10.3.1/thumb/v7e-m+fp/hard/crti.o
 .ARM.attributes
                0x000000000000001e       0x34 d:/st/stm32cubeide_1.10.1/stm32cubeide/plugins/com.st.stm32cube.ide.mcu.externaltools.gnu-tools-for-stm32.10.3-2021.10.win32_1.0.0.202111181127/tools/bin/../lib/gcc/arm-none-eabi/10.3.1/thumb/v7e-m+fp/hard/crtbegin.o
 .ARM.attributes
                0x0000000000000052       0x34 ./Core/Src/main.o
 .ARM.attributes
                0x0000000000000086       0x34 ./Core/Src/motor.o
 .ARM.attributes
                0x00000000000000ba       0x34 ./Core/Src/stm32l4xx_hal_msp.o
 .ARM.attributes
                0x00000000000000ee       0x34 ./Core/Src/stm32l4xx_it.o
 .ARM.attributes
                0x0000000000000122       0x34 ./Core/Src/system_stm32l4xx.o
 .ARM.attributes
                0x0000000000000156       0x21 ./Core/Startup/startup_stm32l4r5zitxp.o
 .ARM.attributes
                0x0000000000000177       0x34 ./Drivers/STM32L4xx_HAL_Driver/Src/stm32l4xx_hal.o
 .ARM.attributes
                0x00000000000001ab       0x34 ./Drivers/STM32L4xx_HAL_Driver/Src/stm32l4xx_hal_cortex.o
 .ARM.attributes
                0x00000000000001df       0x34 ./Drivers/STM32L4xx_HAL_Driver/Src/stm32l4xx_hal_gpio.o
 .ARM.attributes
                0x0000000000000213       0x34 ./Drivers/STM32L4xx_HAL_Driver/Src/stm32l4xx_hal_pwr_ex.o
 .ARM.attributes
                0x0000000000000247       0x34 ./Drivers/STM32L4xx_HAL_Driver/Src/stm32l4xx_hal_rcc.o
 .ARM.attributes
                0x000000000000027b       0x34 ./Drivers/STM32L4xx_HAL_Driver/Src/stm32l4xx_hal_tim.o
 .ARM.attributes
                0x00000000000002af       0x34 ./Drivers/STM32L4xx_HAL_Driver/Src/stm32l4xx_hal_tim_ex.o
 .ARM.attributes
                0x00000000000002e3       0x34 d:/st/stm32cubeide_1.10.1/stm32cubeide/plugins/com.st.stm32cube.ide.mcu.externaltools.gnu-tools-for-stm32.10.3-2021.10.win32_1.0.0.202111181127/tools/bin/../lib/gcc/arm-none-eabi/10.3.1/../../../../arm-none-eabi/lib/thumb/v7e-m+fp/hard\libc_nano.a(lib_a-init.o)
 .ARM.attributes
                0x0000000000000317       0x34 d:/st/stm32cubeide_1.10.1/stm32cubeide/plugins/com.st.stm32cube.ide.mcu.externaltools.gnu-tools-for-stm32.10.3-2021.10.win32_1.0.0.202111181127/tools/bin/../lib/gcc/arm-none-eabi/10.3.1/../../../../arm-none-eabi/lib/thumb/v7e-m+fp/hard\libc_nano.a(lib_a-memset.o)
 .ARM.attributes
                0x000000000000034b       0x1e d:/st/stm32cubeide_1.10.1/stm32cubeide/plugins/com.st.stm32cube.ide.mcu.externaltools.gnu-tools-for-stm32.10.3-2021.10.win32_1.0.0.202111181127/tools/bin/../lib/gcc/arm-none-eabi/10.3.1/thumb/v7e-m+fp/hard/crtn.o
OUTPUT(Motor.elf elf32-littlearm)
LOAD linker stubs
LOAD d:/st/stm32cubeide_1.10.1/stm32cubeide/plugins/com.st.stm32cube.ide.mcu.externaltools.gnu-tools-for-stm32.10.3-2021.10.win32_1.0.0.202111181127/tools/bin/../lib/gcc/arm-none-eabi/10.3.1/../../../../arm-none-eabi/lib/thumb/v7e-m+fp/hard\libc.a
LOAD d:/st/stm32cubeide_1.10.1/stm32cubeide/plugins/com.st.stm32cube.ide.mcu.externaltools.gnu-tools-for-stm32.10.3-2021.10.win32_1.0.0.202111181127/tools/bin/../lib/gcc/arm-none-eabi/10.3.1/../../../../arm-none-eabi/lib/thumb/v7e-m+fp/hard\libm.a
LOAD d:/st/stm32cubeide_1.10.1/stm32cubeide/plugins/com.st.stm32cube.ide.mcu.externaltools.gnu-tools-for-stm32.10.3-2021.10.win32_1.0.0.202111181127/tools/bin/../lib/gcc/arm-none-eabi/10.3.1/thumb/v7e-m+fp/hard\libgcc.a

.debug_info     0x0000000000000000     0xaa82
 .debug_info    0x0000000000000000     0x125b ./Core/Src/main.o
 .debug_info    0x000000000000125b      0x209 ./Core/Src/motor.o
 .debug_info    0x0000000000001464      0xd1d ./Core/Src/stm32l4xx_hal_msp.o
 .debug_info    0x0000000000002181      0x122 ./Core/Src/stm32l4xx_it.o
 .debug_info    0x00000000000022a3      0x5fe ./Core/Src/system_stm32l4xx.o
 .debug_info    0x00000000000028a1       0x22 ./Core/Startup/startup_stm32l4r5zitxp.o
 .debug_info    0x00000000000028c3      0xb93 ./Drivers/STM32L4xx_HAL_Driver/Src/stm32l4xx_hal.o
 .debug_info    0x0000000000003456      0xe39 ./Drivers/STM32L4xx_HAL_Driver/Src/stm32l4xx_hal_cortex.o
 .debug_info    0x000000000000428f      0x859 ./Drivers/STM32L4xx_HAL_Driver/Src/stm32l4xx_hal_gpio.o
 .debug_info    0x0000000000004ae8      0xa5e ./Drivers/STM32L4xx_HAL_Driver/Src/stm32l4xx_hal_pwr_ex.o
 .debug_info    0x0000000000005546      0xe19 ./Drivers/STM32L4xx_HAL_Driver/Src/stm32l4xx_hal_rcc.o
 .debug_info    0x000000000000635f     0x2e1e ./Drivers/STM32L4xx_HAL_Driver/Src/stm32l4xx_hal_tim.o
 .debug_info    0x000000000000917d     0x1905 ./Drivers/STM32L4xx_HAL_Driver/Src/stm32l4xx_hal_tim_ex.o

.debug_abbrev   0x0000000000000000     0x179b
 .debug_abbrev  0x0000000000000000      0x2a3 ./Core/Src/main.o
 .debug_abbrev  0x00000000000002a3       0xee ./Core/Src/motor.o
 .debug_abbrev  0x0000000000000391      0x1a7 ./Core/Src/stm32l4xx_hal_msp.o
 .debug_abbrev  0x0000000000000538       0x74 ./Core/Src/stm32l4xx_it.o
 .debug_abbrev  0x00000000000005ac      0x116 ./Core/Src/system_stm32l4xx.o
 .debug_abbrev  0x00000000000006c2       0x12 ./Core/Startup/startup_stm32l4r5zitxp.o
 .debug_abbrev  0x00000000000006d4      0x23a ./Drivers/STM32L4xx_HAL_Driver/Src/stm32l4xx_hal.o
 .debug_abbrev  0x000000000000090e      0x316 ./Drivers/STM32L4xx_HAL_Driver/Src/stm32l4xx_hal_cortex.o
 .debug_abbrev  0x0000000000000c24      0x1bb ./Drivers/STM32L4xx_HAL_Driver/Src/stm32l4xx_hal_gpio.o
 .debug_abbrev  0x0000000000000ddf      0x1f3 ./Drivers/STM32L4xx_HAL_Driver/Src/stm32l4xx_hal_pwr_ex.o
 .debug_abbrev  0x0000000000000fd2      0x2f9 ./Drivers/STM32L4xx_HAL_Driver/Src/stm32l4xx_hal_rcc.o
 .debug_abbrev  0x00000000000012cb      0x264 ./Drivers/STM32L4xx_HAL_Driver/Src/stm32l4xx_hal_tim.o
 .debug_abbrev  0x000000000000152f      0x26c ./Drivers/STM32L4xx_HAL_Driver/Src/stm32l4xx_hal_tim_ex.o

.debug_aranges  0x0000000000000000      0xb78
 .debug_aranges
                0x0000000000000000       0x48 ./Core/Src/main.o
 .debug_aranges
                0x0000000000000048       0x40 ./Core/Src/motor.o
 .debug_aranges
                0x0000000000000088       0x38 ./Core/Src/stm32l4xx_hal_msp.o
 .debug_aranges
                0x00000000000000c0       0x60 ./Core/Src/stm32l4xx_it.o
 .debug_aranges
                0x0000000000000120       0x28 ./Core/Src/system_stm32l4xx.o
 .debug_aranges
                0x0000000000000148       0x28 ./Core/Startup/startup_stm32l4r5zitxp.o
 .debug_aranges
                0x0000000000000170      0x130 ./Drivers/STM32L4xx_HAL_Driver/Src/stm32l4xx_hal.o
 .debug_aranges
                0x00000000000002a0      0x118 ./Drivers/STM32L4xx_HAL_Driver/Src/stm32l4xx_hal_cortex.o
 .debug_aranges
                0x00000000000003b8       0x58 ./Drivers/STM32L4xx_HAL_Driver/Src/stm32l4xx_hal_gpio.o
 .debug_aranges
                0x0000000000000410      0x170 ./Drivers/STM32L4xx_HAL_Driver/Src/stm32l4xx_hal_pwr_ex.o
 .debug_aranges
                0x0000000000000580       0x98 ./Drivers/STM32L4xx_HAL_Driver/Src/stm32l4xx_hal_rcc.o
 .debug_aranges
                0x0000000000000618      0x3e0 ./Drivers/STM32L4xx_HAL_Driver/Src/stm32l4xx_hal_tim.o
 .debug_aranges
                0x00000000000009f8      0x180 ./Drivers/STM32L4xx_HAL_Driver/Src/stm32l4xx_hal_tim_ex.o

.debug_ranges   0x0000000000000000      0xab0
 .debug_ranges  0x0000000000000000       0x38 ./Core/Src/main.o
 .debug_ranges  0x0000000000000038       0x30 ./Core/Src/motor.o
 .debug_ranges  0x0000000000000068       0x28 ./Core/Src/stm32l4xx_hal_msp.o
 .debug_ranges  0x0000000000000090       0x50 ./Core/Src/stm32l4xx_it.o
 .debug_ranges  0x00000000000000e0       0x18 ./Core/Src/system_stm32l4xx.o
 .debug_ranges  0x00000000000000f8       0x20 ./Core/Startup/startup_stm32l4r5zitxp.o
 .debug_ranges  0x0000000000000118      0x120 ./Drivers/STM32L4xx_HAL_Driver/Src/stm32l4xx_hal.o
 .debug_ranges  0x0000000000000238      0x108 ./Drivers/STM32L4xx_HAL_Driver/Src/stm32l4xx_hal_cortex.o
 .debug_ranges  0x0000000000000340       0x48 ./Drivers/STM32L4xx_HAL_Driver/Src/stm32l4xx_hal_gpio.o
 .debug_ranges  0x0000000000000388      0x160 ./Drivers/STM32L4xx_HAL_Driver/Src/stm32l4xx_hal_pwr_ex.o
 .debug_ranges  0x00000000000004e8       0x88 ./Drivers/STM32L4xx_HAL_Driver/Src/stm32l4xx_hal_rcc.o
 .debug_ranges  0x0000000000000570      0x3d0 ./Drivers/STM32L4xx_HAL_Driver/Src/stm32l4xx_hal_tim.o
 .debug_ranges  0x0000000000000940      0x170 ./Drivers/STM32L4xx_HAL_Driver/Src/stm32l4xx_hal_tim_ex.o

.debug_macro    0x0000000000000000    0x28dde
 .debug_macro   0x0000000000000000      0x1f9 ./Core/Src/main.o
 .debug_macro   0x00000000000001f9      0xa78 ./Core/Src/main.o
 .debug_macro   0x0000000000000c71      0x1a7 ./Core/Src/main.o
 .debug_macro   0x0000000000000e18       0x2e ./Core/Src/main.o
 .debug_macro   0x0000000000000e46       0x28 ./Core/Src/main.o
 .debug_macro   0x0000000000000e6e       0x22 ./Core/Src/main.o
 .debug_macro   0x0000000000000e90       0x8e ./Core/Src/main.o
 .debug_macro   0x0000000000000f1e       0x51 ./Core/Src/main.o
 .debug_macro   0x0000000000000f6f      0x103 ./Core/Src/main.o
 .debug_macro   0x0000000000001072       0x6a ./Core/Src/main.o
 .debug_macro   0x00000000000010dc      0x1df ./Core/Src/main.o
 .debug_macro   0x00000000000012bb       0x1c ./Core/Src/main.o
 .debug_macro   0x00000000000012d7       0x22 ./Core/Src/main.o
 .debug_macro   0x00000000000012f9       0xfb ./Core/Src/main.o
 .debug_macro   0x00000000000013f4     0x1011 ./Core/Src/main.o
 .debug_macro   0x0000000000002405      0x11f ./Core/Src/main.o
 .debug_macro   0x0000000000002524    0x1cb71 ./Core/Src/main.o
 .debug_macro   0x000000000001f095       0x6d ./Core/Src/main.o
 .debug_macro   0x000000000001f102     0x38ed ./Core/Src/main.o
 .debug_macro   0x00000000000229ef      0x174 ./Core/Src/main.o
 .debug_macro   0x0000000000022b63       0x5c ./Core/Src/main.o
 .debug_macro   0x0000000000022bbf     0x1884 ./Core/Src/main.o
 .debug_macro   0x0000000000024443      0x7dc ./Core/Src/main.o
 .debug_macro   0x0000000000024c1f      0x1b9 ./Core/Src/main.o
 .debug_macro   0x0000000000024dd8      0x225 ./Core/Src/main.o
 .debug_macro   0x0000000000024ffd      0x486 ./Core/Src/main.o
 .debug_macro   0x0000000000025483      0x1ce ./Core/Src/main.o
 .debug_macro   0x0000000000025651       0x43 ./Core/Src/main.o
 .debug_macro   0x0000000000025694      0x23d ./Core/Src/main.o
 .debug_macro   0x00000000000258d1      0x241 ./Core/Src/main.o
 .debug_macro   0x0000000000025b12      0x416 ./Core/Src/main.o
 .debug_macro   0x0000000000025f28       0x1c ./Core/Src/main.o
 .debug_macro   0x0000000000025f44       0xf2 ./Core/Src/main.o
 .debug_macro   0x0000000000026036      0x22c ./Core/Src/main.o
 .debug_macro   0x0000000000026262       0x61 ./Core/Src/main.o
 .debug_macro   0x00000000000262c3       0xa5 ./Core/Src/main.o
 .debug_macro   0x0000000000026368      0x122 ./Core/Src/main.o
 .debug_macro   0x000000000002648a      0x3f6 ./Core/Src/main.o
 .debug_macro   0x0000000000026880      0xa91 ./Core/Src/main.o
 .debug_macro   0x0000000000027311      0x196 ./Core/Src/main.o
 .debug_macro   0x00000000000274a7      0x432 ./Core/Src/main.o
 .debug_macro   0x00000000000278d9      0x1e7 ./Core/Src/motor.o
 .debug_macro   0x0000000000027ac0      0x1dd ./Core/Src/stm32l4xx_hal_msp.o
 .debug_macro   0x0000000000027c9d      0x1e7 ./Core/Src/stm32l4xx_it.o
 .debug_macro   0x0000000000027e84      0x1d3 ./Core/Src/system_stm32l4xx.o
 .debug_macro   0x0000000000028057      0x221 ./Drivers/STM32L4xx_HAL_Driver/Src/stm32l4xx_hal.o
 .debug_macro   0x0000000000028278      0x1d3 ./Drivers/STM32L4xx_HAL_Driver/Src/stm32l4xx_hal_cortex.o
 .debug_macro   0x000000000002844b      0x1da ./Drivers/STM32L4xx_HAL_Driver/Src/stm32l4xx_hal_gpio.o
 .debug_macro   0x0000000000028625      0x1fd ./Drivers/STM32L4xx_HAL_Driver/Src/stm32l4xx_hal_pwr_ex.o
 .debug_macro   0x0000000000028822      0x215 ./Drivers/STM32L4xx_HAL_Driver/Src/stm32l4xx_hal_rcc.o
 .debug_macro   0x0000000000028a37      0x1d4 ./Drivers/STM32L4xx_HAL_Driver/Src/stm32l4xx_hal_tim.o
 .debug_macro   0x0000000000028c0b      0x1d3 ./Drivers/STM32L4xx_HAL_Driver/Src/stm32l4xx_hal_tim_ex.o

.debug_line     0x0000000000000000     0xc14d
 .debug_line    0x0000000000000000      0xa3a ./Core/Src/main.o
 .debug_line    0x0000000000000a3a      0x73d ./Core/Src/motor.o
 .debug_line    0x0000000000001177      0x7b7 ./Core/Src/stm32l4xx_hal_msp.o
 .debug_line    0x000000000000192e      0x797 ./Core/Src/stm32l4xx_it.o
 .debug_line    0x00000000000020c5      0x76c ./Core/Src/system_stm32l4xx.o
 .debug_line    0x0000000000002831       0x89 ./Core/Startup/startup_stm32l4r5zitxp.o
 .debug_line    0x00000000000028ba      0xac4 ./Drivers/STM32L4xx_HAL_Driver/Src/stm32l4xx_hal.o
 .debug_line    0x000000000000337e      0xc6b ./Drivers/STM32L4xx_HAL_Driver/Src/stm32l4xx_hal_cortex.o
 .debug_line    0x0000000000003fe9      0xb20 ./Drivers/STM32L4xx_HAL_Driver/Src/stm32l4xx_hal_gpio.o
 .debug_line    0x0000000000004b09      0xd31 ./Drivers/STM32L4xx_HAL_Driver/Src/stm32l4xx_hal_pwr_ex.o
 .debug_line    0x000000000000583a     0x1018 ./Drivers/STM32L4xx_HAL_Driver/Src/stm32l4xx_hal_rcc.o
 .debug_line    0x0000000000006852     0x3d31 ./Drivers/STM32L4xx_HAL_Driver/Src/stm32l4xx_hal_tim.o
 .debug_line    0x000000000000a583     0x1bca ./Drivers/STM32L4xx_HAL_Driver/Src/stm32l4xx_hal_tim_ex.o

.debug_str      0x0000000000000000    0xfee00
 .debug_str     0x0000000000000000    0xfbfd1 ./Core/Src/main.o
                                      0xfc357 (size before relaxing)
 .debug_str     0x00000000000fbfd1       0x14 ./Core/Src/motor.o
                                      0xfb723 (size before relaxing)
 .debug_str     0x00000000000fbfe5       0x77 ./Core/Src/stm32l4xx_hal_msp.o
                                      0xfbed4 (size before relaxing)
 .debug_str     0x00000000000fc05c       0xc9 ./Core/Src/stm32l4xx_it.o
                                      0xfb6fa (size before relaxing)
 .debug_str     0x00000000000fc125       0xf2 ./Core/Src/system_stm32l4xx.o
                                      0xfb8a7 (size before relaxing)
 .debug_str     0x00000000000fc217       0x37 ./Core/Startup/startup_stm32l4r5zitxp.o
                                         0x5c (size before relaxing)
 .debug_str     0x00000000000fc24e      0xab6 ./Drivers/STM32L4xx_HAL_Driver/Src/stm32l4xx_hal.o
                                      0xfc477 (size before relaxing)
 .debug_str     0x00000000000fcd04      0x344 ./Drivers/STM32L4xx_HAL_Driver/Src/stm32l4xx_hal_cortex.o
                                      0xfc106 (size before relaxing)
 .debug_str     0x00000000000fd048      0x128 ./Drivers/STM32L4xx_HAL_Driver/Src/stm32l4xx_hal_gpio.o
                                      0xfba21 (size before relaxing)
 .debug_str     0x00000000000fd170      0x57a ./Drivers/STM32L4xx_HAL_Driver/Src/stm32l4xx_hal_pwr_ex.o
                                      0xfbe7a (size before relaxing)
 .debug_str     0x00000000000fd6ea      0x3d2 ./Drivers/STM32L4xx_HAL_Driver/Src/stm32l4xx_hal_rcc.o
                                      0xfbf1a (size before relaxing)
 .debug_str     0x00000000000fdabc      0xdbc ./Drivers/STM32L4xx_HAL_Driver/Src/stm32l4xx_hal_tim.o
                                      0xfccb3 (size before relaxing)
 .debug_str     0x00000000000fe878      0x588 ./Drivers/STM32L4xx_HAL_Driver/Src/stm32l4xx_hal_tim_ex.o
                                      0xfc5d7 (size before relaxing)

.comment        0x0000000000000000       0x50
 .comment       0x0000000000000000       0x50 ./Core/Src/main.o
                                         0x51 (size before relaxing)
 .comment       0x0000000000000050       0x51 ./Core/Src/motor.o
 .comment       0x0000000000000050       0x51 ./Core/Src/stm32l4xx_hal_msp.o
 .comment       0x0000000000000050       0x51 ./Core/Src/stm32l4xx_it.o
 .comment       0x0000000000000050       0x51 ./Core/Src/system_stm32l4xx.o
 .comment       0x0000000000000050       0x51 ./Drivers/STM32L4xx_HAL_Driver/Src/stm32l4xx_hal.o
 .comment       0x0000000000000050       0x51 ./Drivers/STM32L4xx_HAL_Driver/Src/stm32l4xx_hal_cortex.o
 .comment       0x0000000000000050       0x51 ./Drivers/STM32L4xx_HAL_Driver/Src/stm32l4xx_hal_gpio.o
 .comment       0x0000000000000050       0x51 ./Drivers/STM32L4xx_HAL_Driver/Src/stm32l4xx_hal_pwr_ex.o
 .comment       0x0000000000000050       0x51 ./Drivers/STM32L4xx_HAL_Driver/Src/stm32l4xx_hal_rcc.o
 .comment       0x0000000000000050       0x51 ./Drivers/STM32L4xx_HAL_Driver/Src/stm32l4xx_hal_tim.o
 .comment       0x0000000000000050       0x51 ./Drivers/STM32L4xx_HAL_Driver/Src/stm32l4xx_hal_tim_ex.o

.debug_frame    0x0000000000000000     0x2f18
 .debug_frame   0x0000000000000000       0xdc ./Core/Src/main.o
 .debug_frame   0x00000000000000dc       0x9c ./Core/Src/motor.o
 .debug_frame   0x0000000000000178       0xa4 ./Core/Src/stm32l4xx_hal_msp.o
 .debug_frame   0x000000000000021c      0x104 ./Core/Src/stm32l4xx_it.o
 .debug_frame   0x0000000000000320       0x58 ./Core/Src/system_stm32l4xx.o
 .debug_frame   0x0000000000000378      0x498 ./Drivers/STM32L4xx_HAL_Driver/Src/stm32l4xx_hal.o
 .debug_frame   0x0000000000000810      0x498 ./Drivers/STM32L4xx_HAL_Driver/Src/stm32l4xx_hal_cortex.o
 .debug_frame   0x0000000000000ca8      0x14c ./Drivers/STM32L4xx_HAL_Driver/Src/stm32l4xx_hal_gpio.o
 .debug_frame   0x0000000000000df4      0x5c4 ./Drivers/STM32L4xx_HAL_Driver/Src/stm32l4xx_hal_pwr_ex.o
 .debug_frame   0x00000000000013b8      0x248 ./Drivers/STM32L4xx_HAL_Driver/Src/stm32l4xx_hal_rcc.o
 .debug_frame   0x0000000000001600     0x121c ./Drivers/STM32L4xx_HAL_Driver/Src/stm32l4xx_hal_tim.o
 .debug_frame   0x000000000000281c      0x6b0 ./Drivers/STM32L4xx_HAL_Driver/Src/stm32l4xx_hal_tim_ex.o
 .debug_frame   0x0000000000002ecc       0x2c d:/st/stm32cubeide_1.10.1/stm32cubeide/plugins/com.st.stm32cube.ide.mcu.externaltools.gnu-tools-for-stm32.10.3-2021.10.win32_1.0.0.202111181127/tools/bin/../lib/gcc/arm-none-eabi/10.3.1/../../../../arm-none-eabi/lib/thumb/v7e-m+fp/hard\libc_nano.a(lib_a-init.o)
 .debug_frame   0x0000000000002ef8       0x20 d:/st/stm32cubeide_1.10.1/stm32cubeide/plugins/com.st.stm32cube.ide.mcu.externaltools.gnu-tools-for-stm32.10.3-2021.10.win32_1.0.0.202111181127/tools/bin/../lib/gcc/arm-none-eabi/10.3.1/../../../../arm-none-eabi/lib/thumb/v7e-m+fp/hard\libc_nano.a(lib_a-memset.o)
